http://dublincore.org/schemas/xmls/qdc/2003/04/02/dc.xsd
http://dublincore.org/schemas/xmls/qdc/2003/04/02/dcterms.xsd
