http://microsoft.com/officenet/conferencing
http://microsoft.com/sharepoint/webpartpages
http://microsoft.com/webservices/SharePointPortalServer/PublishedLinksService
http://microsoft.com/webservices/SharePointPortalServer/UserProfileService
http://www.passport.com/NameSpace.xsd
