https://www.alienvault.com
http://tldp.org/LDP/abs/html
